--- Starting Corporate Interaction Test ---
Testing Command Privateers...
- Treasury: 5000 (Expected: 5000)
- Fleet Size: 20 (Expected: 20)
- Autonomy: 15 (Expected: 15)

Testing Collect Corporate Tax...
- Tax Collected: 1250 (Expected: 1250)
- Treasury: 3750 (Expected: 3750)
- Faction Dividends: 1250 (Expected: 1250)
- Corruption: 10 (Expected: 10)
- Autonomy: 17 (Expected: 17)

Testing Issue Equities...
- Shares Outstanding: 1010000 (Expected: 1010000)
- Treasury: 103750 (Expected: 103750)

--- Test Complete ---
